C51 COMPILER V9.02   MAIN                                                                  11/06/2012 22:18:18 PAGE 1   


C51 COMPILER V9.02, COMPILATION OF MODULE MAIN
OBJECT MODULE PLACED IN Main.OBJ
COMPILER INVOKED BY: C:\Keil\C51\BIN\C51.EXE Main.c BROWSE DEBUG OBJECTEXTEND

line level    source

   1          /*  Name     : main.c
   2           *  Purpose  : Main file for 24LC64 EEPROM code for AT89C51.
   3           *  Author   : M.Saeed Yasin
   4           *  Date     : 05-11-12
   5           *  Website  : saeedsolutions.blogspot.com
   6           *  Revision : None
   7           */
   8          #include "Includes.h"
   9          
  10          // Main function
  11          void main()
  12          {       
  13   1              unsigned char RxByte = 0;
  14   1              unsigned char TxArray[4] = { 'S', 'a', 'e', 'e' };
  15   1              unsigned char RxArray[4] = { 0 }; 
  16   1      
  17   1              // Initialize LCD
  18   1              InitLCD();
  19   1      
  20   1              // Initialize i2c pins
  21   1              InitI2C();                                                                                      
  22   1      
  23   1              // Write 'd' at 0x0001 address in EEPROM
  24   1              Write_Byte_To_24LC64_EEPROM(0x0001, 'd');
  25   1              // Read from 0x0001 address     from EEPROM             
  26   1              RxByte = Read_Byte_From_24LC64_EEPROM(0x0001);          
  27   1      
  28   1              // Write 4 bytes of TxArray starting from 0x0020 address in EEPROM
  29   1              Write_Page_To_24LC64_EEPROM(0x0020, TxArray, 4);
  30   1              // Read 4 bytes starting from 0x0020 address in EEPROM, save these bytes into RxArray
  31   1              Read_Bytes_From_24LC64_EEPROM(0x0020, RxArray, 4);
  32   1      
  33   1              // Display received values on LCD display
  34   1              WriteDataToLCD(RxArray[0]);
  35   1              WriteDataToLCD(RxArray[1]);
  36   1              WriteDataToLCD(RxArray[2]);
  37   1              WriteDataToLCD(RxArray[3]);
  38   1              WriteDataToLCD(RxByte);
  39   1      
  40   1              while(1)
  41   1              {       
  42   2              }
  43   1      }


MODULE INFORMATION:   STATIC OVERLAYABLE
   CODE SIZE        =    125    ----
   CONSTANT SIZE    =      8    ----
   XDATA SIZE       =   ----    ----
   PDATA SIZE       =   ----    ----
   DATA SIZE        =   ----       9
   IDATA SIZE       =   ----    ----
   BIT SIZE         =   ----    ----
END OF MODULE INFORMATION.


C51 COMPILATION COMPLETE.  0 WARNING(S),  0 ERROR(S)
